| ImplicitIntegerTruncation.c:9:12:9:12 | x | Implicit truncation from unsigned long to unsigned char. |
| ImplicitIntegerTruncation.c:13:12:13:12 | x | Implicit truncation from unsigned long to unsigned short. |
| ImplicitIntegerTruncation.c:17:12:17:12 | x | Implicit truncation from unsigned long to unsigned int. |
| ImplicitIntegerTruncation.c:23:16:23:18 | big | Implicit truncation from unsigned long to unsigned char. |
| ImplicitIntegerTruncation.c:24:16:24:18 | big | Implicit truncation from unsigned long to unsigned short. |
| ImplicitIntegerTruncation.c:25:16:25:18 | big | Implicit truncation from unsigned long to unsigned int. |
| ImplicitIntegerTruncation.c:44:16:44:16 | 3 | Implicit truncation from int to unsigned char. |
| ImplicitIntegerTruncation.c:45:16:45:18 | 300 | Implicit truncation from int to unsigned short. |
| ImplicitIntegerTruncation.c:54:18:54:20 | big | Implicit truncation from unsigned long to unsigned short. |
| ImplicitIntegerTruncation.c:66:11:66:13 | big | Implicit truncation from unsigned long to unsigned short. |
| ImplicitIntegerTruncation.c:67:11:67:13 | big | Implicit truncation from unsigned long to unsigned char. |
